ASxxxx Linker V03.00 + NoICE + sdld,  page 1.
Hexadecimal  [32-Bits]

Area                                    Addr        Size        Decimal Bytes (Attributes)
--------------------------------        ----        ----        ------- ----- ------------
.  .ABS.                            00000000    00000000 =           0. bytes (ABS,CON)

      Value  Global                              Global Defined In Module
      -----  --------------------------------   ------------------------
     00000000  .__.ABS.                           _divulong
     00000000  l_CABS                          
     00000000  l_DABS                          
     00000000  l_INITIALIZED                   
     00000000  l_INITIALIZER                   
     00000000  l__CODE                         
     00000000  s_CABS                          
     00000000  s_DABS                          
     00000000  s__CODE                         
     00000001  l_SSEG                          
     00000001  s_DATA                          
     00000003  l_GSFINAL                       
     00000005  l_CONST                         
     00000015  l_DATA                          
     00000016  s_INITIALIZED                   
     00000016  s_SSEG                          
     0000001A  l_GSINIT                        
     00000073  l_HOME                          
     00000CBA  l_CODE                          
     00008000  s_HOME                          
     00008073  s_GSINIT                        
     0000808D  s_GSFINAL                       
     00008090  s_CONST                         
     00008095  s_CODE                          
     00008095  s_INITIALIZER                   

ASxxxx Linker V03.00 + NoICE + sdld,  page 2.
Hexadecimal  [32-Bits]

Area                                    Addr        Size        Decimal Bytes (Attributes)
--------------------------------        ----        ----        ------- ----- ------------
DATA                                00000001    00000015 =          21. bytes (REL,CON)

      Value  Global                              Global Defined In Module
      -----  --------------------------------   ------------------------
     00000001  _bMainTimer                        main
     00000002  _SysCntrl                          main

ASxxxx Linker V03.00 + NoICE + sdld,  page 3.
Hexadecimal  [32-Bits]

Area                                    Addr        Size        Decimal Bytes (Attributes)
--------------------------------        ----        ----        ------- ----- ------------
SSEG                                00000016    00000001 =           1. bytes (REL,CON)

      Value  Global                              Global Defined In Module
      -----  --------------------------------   ------------------------
ASxxxx Linker V03.00 + NoICE + sdld,  page 4.
Hexadecimal  [32-Bits]

Area                                    Addr        Size        Decimal Bytes (Attributes)
--------------------------------        ----        ----        ------- ----- ------------
HOME                                00008000    00000073 =         115. bytes (REL,CON)

      Value  Global                              Global Defined In Module
      -----  --------------------------------   ------------------------
ASxxxx Linker V03.00 + NoICE + sdld,  page 5.
Hexadecimal  [32-Bits]

Area                                    Addr        Size        Decimal Bytes (Attributes)
--------------------------------        ----        ----        ------- ----- ------------
GSINIT                              00008073    0000001A =          26. bytes (REL,CON)

      Value  Global                              Global Defined In Module
      -----  --------------------------------   ------------------------
ASxxxx Linker V03.00 + NoICE + sdld,  page 6.
Hexadecimal  [32-Bits]

Area                                    Addr        Size        Decimal Bytes (Attributes)
--------------------------------        ----        ----        ------- ----- ------------
GSFINAL                             0000808D    00000003 =           3. bytes (REL,CON)

      Value  Global                              Global Defined In Module
      -----  --------------------------------   ------------------------
ASxxxx Linker V03.00 + NoICE + sdld,  page 7.
Hexadecimal  [32-Bits]

Area                                    Addr        Size        Decimal Bytes (Attributes)
--------------------------------        ----        ----        ------- ----- ------------
CONST                               00008090    00000005 =           5. bytes (REL,CON)

      Value  Global                              Global Defined In Module
      -----  --------------------------------   ------------------------
     00008090  _SYSDivFactor                      stm8l_clk

ASxxxx Linker V03.00 + NoICE + sdld,  page 8.
Hexadecimal  [32-Bits]

Area                                    Addr        Size        Decimal Bytes (Attributes)
--------------------------------        ----        ----        ------- ----- ------------
CODE                                00008095    00000CBA =        3258. bytes (REL,CON)

      Value  Global                              Global Defined In Module
      -----  --------------------------------   ------------------------
     00008095  _SetTimer                          main
     000080AE  _tick                              main
     0000822E  _ReadInputGpio                     main
     000082AE  _TimerMatch                        main
     000082F7  _IRQ_Handler_TIM4                  main
     00008303  _main                              main
     000083EE  _GPIO_DeInit                       stm8l_gpio
     000083FC  _GPIO_Init                         stm8l_gpio
     00008474  _GPIO_ExternalPullUpConfig         stm8l_gpio
     0000848E  _GPIO_Write                        stm8l_gpio
     00008490  _GPIO_WriteBit                     stm8l_gpio
     000084A7  _GPIO_SetBits                      stm8l_gpio
     000084B0  _GPIO_ResetBits                    stm8l_gpio
     000084BC  _GPIO_ToggleBits                   stm8l_gpio
     000084C5  _GPIO_ReadInputData                stm8l_gpio
     000084C8  _GPIO_ReadInputDataBit             stm8l_gpio
     000084D2  _GPIO_ReadOutputDataBit            stm8l_gpio
     000084DB  _CLK_DeInit                        stm8l_clk
     0000851C  _CLK_HSICmd                        stm8l_clk
     00008534  _CLK_AdjustHSICalibrationValue     stm8l_clk
     00008540  _CLK_LSICmd                        stm8l_clk
     00008558  _CLK_HSEConfig                     stm8l_clk
     0000856D  _CLK_LSEConfig                     stm8l_clk
     00008582  _CLK_ClockSecuritySystemEnable     stm8l_clk
     00008587  _CLK_ClockSecuritySytemDeglitchC   stm8l_clk
     0000859F  _CLK_CCOConfig                     stm8l_clk
     000085A7  _CLK_SYSCLKSourceConfig            stm8l_clk
     000085AB  _CLK_GetSYSCLKSource               stm8l_clk
     000085AF  _CLK_GetClockFreq                  stm8l_clk
     00008602  _CLK_SYSCLKDivConfig               stm8l_clk
     00008606  _CLK_SYSCLKSourceSwitchCmd         stm8l_clk
     0000861E  _CLK_RTCClockConfig                stm8l_clk
     00008626  _CLK_BEEPClockConfig               stm8l_clk
     0000862A  _CLK_PeripheralClockConfig         stm8l_clk
     00008694  _CLK_LSEClockSecuritySystemEnabl   stm8l_clk
     00008699  _CLK_RTCCLKSwitchOnLSEFailureEna   stm8l_clk
     0000869E  _CLK_HaltConfig                    stm8l_clk
     000086BC  _CLK_MainRegulatorCmd              stm8l_clk
     000086D4  _CLK_ITConfig                      stm8l_clk
     00008739  _CLK_GetFlagStatus                 stm8l_clk
     000087A7  _CLK_ClearFlag                     stm8l_clk
     000087AC  _CLK_GetITStatus                   stm8l_clk
     000087E6  _CLK_ClearITPendingBit             stm8l_clk
     000087F6  _TIM4_DeInit                       stm8l_tim4
     00008817  _TIM4_TimeBaseInit                 stm8l_tim4
     00008829  _TIM4_PrescalerConfig              stm8l_tim4
     00008845  _TIM4_SetCounter                   stm8l_tim4
     00008849  _TIM4_SetAutoreload                stm8l_tim4
     0000884D  _TIM4_GetCounter                   stm8l_tim4
     00008851  _TIM4_GetPrescaler                 stm8l_tim4
ASxxxx Linker V03.00 + NoICE + sdld,  page 9.
Hexadecimal  [32-Bits]

Area                                    Addr        Size        Decimal Bytes (Attributes)
--------------------------------        ----        ----        ------- ----- ------------
CODE                                00008095    00000CBA =        3258. bytes (REL,CON)

      Value  Global                              Global Defined In Module
      -----  --------------------------------   ------------------------
     00008855  _TIM4_UpdateDisableConfig          stm8l_tim4
     0000886D  _TIM4_UpdateRequestConfig          stm8l_tim4
     00008883  _TIM4_ARRPreloadConfig             stm8l_tim4
     0000889B  _TIM4_SelectOnePulseMode           stm8l_tim4
     000088B1  _TIM4_Cmd                          stm8l_tim4
     000088C9  _TIM4_ITConfig                     stm8l_tim4
     000088E7  _TIM4_GenerateEvent                stm8l_tim4
     000088F4  _TIM4_GetFlagStatus                stm8l_tim4
     00008905  _TIM4_ClearFlag                    stm8l_tim4
     0000890A  _TIM4_GetITStatus                  stm8l_tim4
     00008928  _TIM4_ClearITPendingBit            stm8l_tim4
     0000892D  _TIM4_DMACmd                       stm8l_tim4
     0000894B  _TIM4_InternalClockConfig          stm8l_tim4
     00008954  _TIM4_SelectInputTrigger           stm8l_tim4
     00008963  _TIM4_SelectOutputTrigger          stm8l_tim4
     00008972  _TIM4_SelectSlaveMode              stm8l_tim4
     00008981  _TIM4_SelectMasterSlaveMode        stm8l_tim4
     00008999  _USART_DeInit                      stm8l_usart
     000089B1  _USART_Init                        stm8l_usart
     00008A40  _USART_ClockInit                   stm8l_usart
     00008A79  _USART_Cmd                         stm8l_usart
     00008A8E  _USART_SetPrescaler                stm8l_usart
     00008A93  _USART_SendBreak                   stm8l_usart
     00008A9B  _USART_ReceiveData8                stm8l_usart
     00008A9E  _USART_ReceiveData9                stm8l_usart
     00008ABB  _USART_SendData8                   stm8l_usart
     00008ABE  _USART_SendData9                   stm8l_usart
     00008AE4  _USART_ReceiverWakeUpCmd           stm8l_usart
     00008AF9  _USART_SetAddress                  stm8l_usart
     00008B0B  _USART_WakeUpConfig                stm8l_usart
     00008B1D  _USART_HalfDuplexCmd               stm8l_usart
     00008B32  _USART_SmartCardCmd                stm8l_usart
     00008B47  _USART_SmartCardNACKCmd            stm8l_usart
     00008B5C  _USART_SetGuardTime                stm8l_usart
     00008B61  _USART_IrDAConfig                  stm8l_usart
     00008B76  _USART_IrDACmd                     stm8l_usart
     00008B8B  _USART_DMACmd                      stm8l_usart
     00008BA5  _USART_ITConfig                    stm8l_usart
     00008C34  _USART_GetFlagStatus               stm8l_usart
     00008C5C  _USART_ClearFlag                   stm8l_usart
     00008C68  _USART_GetITStatus                 stm8l_usart
     00008CF1  _USART_ClearITPendingBit           stm8l_usart
     00008CF6  __divulong                         _divulong
ASxxxx Linker V03.00 + NoICE + sdld,  page 10.

Files Linked                              [ module(s) ]

build/main.rel                            [ main ]
build/stm8l_gpio.rel                      [ stm8l_gpio ]
build/stm8l_clk.rel                       [ stm8l_clk ]
build/stm8l_tim4.rel                      [ stm8l_tim4 ]
build/stm8l_usart.rel                     [ stm8l_usart ]


Libraries Linked                          [ object file ]

/usr/bin/../share/sdcc/lib/stm8/stm8.lib  [ _divulong.rel ]

ASxxxx Linker V03.00 + NoICE + sdld,  page 11.

User Base Address Definitions

HOME = 0x8000
DATA = 0x0001

