ASxxxx Linker V03.00 + NoICE + sdld,  page 1.
Hexadecimal  [32-Bits]

Area                                    Addr        Size        Decimal Bytes (Attributes)
--------------------------------        ----        ----        ------- ----- ------------
.  .ABS.                            00000000    00000000 =           0. bytes (ABS,CON)

      Value  Global                              Global Defined In Module
      -----  --------------------------------   ------------------------
     00000000  .__.ABS.                           _divulong
     00000000  l_CABS                          
     00000000  l_DABS                          
     00000000  l_INITIALIZED                   
     00000000  l_INITIALIZER                   
     00000000  l__CODE                         
     00000000  s_CABS                          
     00000000  s_DABS                          
     00000000  s__CODE                         
     00000001  l_SSEG                          
     00000001  s_DATA                          
     00000003  l_GSFINAL                       
     00000005  l_CONST                         
     00000017  l_DATA                          
     00000018  s_INITIALIZED                   
     00000018  s_SSEG                          
     0000001A  l_GSINIT                        
     00000073  l_HOME                          
     00000D49  l_CODE                          
     00008000  s_HOME                          
     00008073  s_GSINIT                        
     0000808D  s_GSFINAL                       
     00008090  s_CONST                         
     00008095  s_CODE                          
     00008095  s_INITIALIZER                   

ASxxxx Linker V03.00 + NoICE + sdld,  page 2.
Hexadecimal  [32-Bits]

Area                                    Addr        Size        Decimal Bytes (Attributes)
--------------------------------        ----        ----        ------- ----- ------------
DATA                                00000001    00000017 =          23. bytes (REL,CON)

      Value  Global                              Global Defined In Module
      -----  --------------------------------   ------------------------
     00000001  _bMainTimer                        main
     00000002  _SysCntrl                          main

ASxxxx Linker V03.00 + NoICE + sdld,  page 3.
Hexadecimal  [32-Bits]

Area                                    Addr        Size        Decimal Bytes (Attributes)
--------------------------------        ----        ----        ------- ----- ------------
SSEG                                00000018    00000001 =           1. bytes (REL,CON)

      Value  Global                              Global Defined In Module
      -----  --------------------------------   ------------------------
ASxxxx Linker V03.00 + NoICE + sdld,  page 4.
Hexadecimal  [32-Bits]

Area                                    Addr        Size        Decimal Bytes (Attributes)
--------------------------------        ----        ----        ------- ----- ------------
HOME                                00008000    00000073 =         115. bytes (REL,CON)

      Value  Global                              Global Defined In Module
      -----  --------------------------------   ------------------------
ASxxxx Linker V03.00 + NoICE + sdld,  page 5.
Hexadecimal  [32-Bits]

Area                                    Addr        Size        Decimal Bytes (Attributes)
--------------------------------        ----        ----        ------- ----- ------------
GSINIT                              00008073    0000001A =          26. bytes (REL,CON)

      Value  Global                              Global Defined In Module
      -----  --------------------------------   ------------------------
ASxxxx Linker V03.00 + NoICE + sdld,  page 6.
Hexadecimal  [32-Bits]

Area                                    Addr        Size        Decimal Bytes (Attributes)
--------------------------------        ----        ----        ------- ----- ------------
GSFINAL                             0000808D    00000003 =           3. bytes (REL,CON)

      Value  Global                              Global Defined In Module
      -----  --------------------------------   ------------------------
ASxxxx Linker V03.00 + NoICE + sdld,  page 7.
Hexadecimal  [32-Bits]

Area                                    Addr        Size        Decimal Bytes (Attributes)
--------------------------------        ----        ----        ------- ----- ------------
CONST                               00008090    00000005 =           5. bytes (REL,CON)

      Value  Global                              Global Defined In Module
      -----  --------------------------------   ------------------------
     00008090  _SYSDivFactor                      stm8l_clk

ASxxxx Linker V03.00 + NoICE + sdld,  page 8.
Hexadecimal  [32-Bits]

Area                                    Addr        Size        Decimal Bytes (Attributes)
--------------------------------        ----        ----        ------- ----- ------------
CODE                                00008095    00000D49 =        3401. bytes (REL,CON)

      Value  Global                              Global Defined In Module
      -----  --------------------------------   ------------------------
     00008095  _SetTimer                          main
     000080AE  _tick                              main
     00008285  _BtnAction                         main
     000082B4  _ReadInputGpio                     main
     00008332  _TimerMatch                        main
     0000837B  _IRQ_Handler_TIM4                  main
     00008387  _main                              main
     0000847D  _GPIO_DeInit                       stm8l_gpio
     0000848B  _GPIO_Init                         stm8l_gpio
     00008503  _GPIO_ExternalPullUpConfig         stm8l_gpio
     0000851D  _GPIO_Write                        stm8l_gpio
     0000851F  _GPIO_WriteBit                     stm8l_gpio
     00008536  _GPIO_SetBits                      stm8l_gpio
     0000853F  _GPIO_ResetBits                    stm8l_gpio
     0000854B  _GPIO_ToggleBits                   stm8l_gpio
     00008554  _GPIO_ReadInputData                stm8l_gpio
     00008557  _GPIO_ReadInputDataBit             stm8l_gpio
     00008561  _GPIO_ReadOutputDataBit            stm8l_gpio
     0000856A  _CLK_DeInit                        stm8l_clk
     000085AB  _CLK_HSICmd                        stm8l_clk
     000085C3  _CLK_AdjustHSICalibrationValue     stm8l_clk
     000085CF  _CLK_LSICmd                        stm8l_clk
     000085E7  _CLK_HSEConfig                     stm8l_clk
     000085FC  _CLK_LSEConfig                     stm8l_clk
     00008611  _CLK_ClockSecuritySystemEnable     stm8l_clk
     00008616  _CLK_ClockSecuritySytemDeglitchC   stm8l_clk
     0000862E  _CLK_CCOConfig                     stm8l_clk
     00008636  _CLK_SYSCLKSourceConfig            stm8l_clk
     0000863A  _CLK_GetSYSCLKSource               stm8l_clk
     0000863E  _CLK_GetClockFreq                  stm8l_clk
     00008691  _CLK_SYSCLKDivConfig               stm8l_clk
     00008695  _CLK_SYSCLKSourceSwitchCmd         stm8l_clk
     000086AD  _CLK_RTCClockConfig                stm8l_clk
     000086B5  _CLK_BEEPClockConfig               stm8l_clk
     000086B9  _CLK_PeripheralClockConfig         stm8l_clk
     00008723  _CLK_LSEClockSecuritySystemEnabl   stm8l_clk
     00008728  _CLK_RTCCLKSwitchOnLSEFailureEna   stm8l_clk
     0000872D  _CLK_HaltConfig                    stm8l_clk
     0000874B  _CLK_MainRegulatorCmd              stm8l_clk
     00008763  _CLK_ITConfig                      stm8l_clk
     000087C8  _CLK_GetFlagStatus                 stm8l_clk
     00008836  _CLK_ClearFlag                     stm8l_clk
     0000883B  _CLK_GetITStatus                   stm8l_clk
     00008875  _CLK_ClearITPendingBit             stm8l_clk
     00008885  _TIM4_DeInit                       stm8l_tim4
     000088A6  _TIM4_TimeBaseInit                 stm8l_tim4
     000088B8  _TIM4_PrescalerConfig              stm8l_tim4
     000088D4  _TIM4_SetCounter                   stm8l_tim4
     000088D8  _TIM4_SetAutoreload                stm8l_tim4
     000088DC  _TIM4_GetCounter                   stm8l_tim4
ASxxxx Linker V03.00 + NoICE + sdld,  page 9.
Hexadecimal  [32-Bits]

Area                                    Addr        Size        Decimal Bytes (Attributes)
--------------------------------        ----        ----        ------- ----- ------------
CODE                                00008095    00000D49 =        3401. bytes (REL,CON)

      Value  Global                              Global Defined In Module
      -----  --------------------------------   ------------------------
     000088E0  _TIM4_GetPrescaler                 stm8l_tim4
     000088E4  _TIM4_UpdateDisableConfig          stm8l_tim4
     000088FC  _TIM4_UpdateRequestConfig          stm8l_tim4
     00008912  _TIM4_ARRPreloadConfig             stm8l_tim4
     0000892A  _TIM4_SelectOnePulseMode           stm8l_tim4
     00008940  _TIM4_Cmd                          stm8l_tim4
     00008958  _TIM4_ITConfig                     stm8l_tim4
     00008976  _TIM4_GenerateEvent                stm8l_tim4
     00008983  _TIM4_GetFlagStatus                stm8l_tim4
     00008994  _TIM4_ClearFlag                    stm8l_tim4
     00008999  _TIM4_GetITStatus                  stm8l_tim4
     000089B7  _TIM4_ClearITPendingBit            stm8l_tim4
     000089BC  _TIM4_DMACmd                       stm8l_tim4
     000089DA  _TIM4_InternalClockConfig          stm8l_tim4
     000089E3  _TIM4_SelectInputTrigger           stm8l_tim4
     000089F2  _TIM4_SelectOutputTrigger          stm8l_tim4
     00008A01  _TIM4_SelectSlaveMode              stm8l_tim4
     00008A10  _TIM4_SelectMasterSlaveMode        stm8l_tim4
     00008A28  _USART_DeInit                      stm8l_usart
     00008A40  _USART_Init                        stm8l_usart
     00008ACF  _USART_ClockInit                   stm8l_usart
     00008B08  _USART_Cmd                         stm8l_usart
     00008B1D  _USART_SetPrescaler                stm8l_usart
     00008B22  _USART_SendBreak                   stm8l_usart
     00008B2A  _USART_ReceiveData8                stm8l_usart
     00008B2D  _USART_ReceiveData9                stm8l_usart
     00008B4A  _USART_SendData8                   stm8l_usart
     00008B4D  _USART_SendData9                   stm8l_usart
     00008B73  _USART_ReceiverWakeUpCmd           stm8l_usart
     00008B88  _USART_SetAddress                  stm8l_usart
     00008B9A  _USART_WakeUpConfig                stm8l_usart
     00008BAC  _USART_HalfDuplexCmd               stm8l_usart
     00008BC1  _USART_SmartCardCmd                stm8l_usart
     00008BD6  _USART_SmartCardNACKCmd            stm8l_usart
     00008BEB  _USART_SetGuardTime                stm8l_usart
     00008BF0  _USART_IrDAConfig                  stm8l_usart
     00008C05  _USART_IrDACmd                     stm8l_usart
     00008C1A  _USART_DMACmd                      stm8l_usart
     00008C34  _USART_ITConfig                    stm8l_usart
     00008CC3  _USART_GetFlagStatus               stm8l_usart
     00008CEB  _USART_ClearFlag                   stm8l_usart
     00008CF7  _USART_GetITStatus                 stm8l_usart
     00008D80  _USART_ClearITPendingBit           stm8l_usart
     00008D85  __divulong                         _divulong

ASxxxx Linker V03.00 + NoICE + sdld,  page 10.

Files Linked                              [ module(s) ]

build/main.rel                            [ main ]
build/stm8l_gpio.rel                      [ stm8l_gpio ]
build/stm8l_clk.rel                       [ stm8l_clk ]
build/stm8l_tim4.rel                      [ stm8l_tim4 ]
build/stm8l_usart.rel                     [ stm8l_usart ]


Libraries Linked                          [ object file ]

/usr/bin/../share/sdcc/lib/stm8/stm8.lib  [ _divulong.rel ]

ASxxxx Linker V03.00 + NoICE + sdld,  page 11.

User Base Address Definitions

HOME = 0x8000
DATA = 0x0001

